exports[`<SingleArticleContent /> should render with default props 1`] = `
<Article
  align="center"
  direction="column"
  pad="none">
  <Headline
    align="center">
    Creditable coverage Hcfa common procedure coding system Group health plan
  </Headline>
  <Image
    full={
      Object {
        "horizontal": true
      }
    }
    size="medium"
    src="https://robohash.org/magnietnon.png?size=300x300" />
  <Box
    align="center"
    announce={false}
    className="markdown-body"
    direction="column"
    focusable={true}
    justify="center"
    pad={
      Object {
        "horizontal": "small"
      }
    }
    responsive={true}
    tag="div">
    <Markdown
      components={
        Object {
          "h1": Object {
            "props": Object {
              "strong": true
            }
          },
          "h2": Object {
            "props": Object {
              "strong": true
            }
          },
          "img": Object {
            "props": Object {
              "size": "small"
            }
          },
          "p": Object {
            "props": Object {
              "size": "large"
            }
          }
        }
      }
      content="Care plan eligible dependent free-look period waiting period incurral date board certified health care provider HCPCS. Agent of record PCP limited policy morbidity medigap health savings account credentialing medical necessity open enrollment. Creditable coverage agent of record renewal disenroll IPA medicare. Accumulation period contract year policy benefit cap medicare supplement creditable coverage." />
  </Box>
</Article>
`;
