exports[`<LoginContainer /> should render with default props 1`] = `
<ConnectedForm
  actions={
    Object {
      "appSetMobile": [Function anonymous],
      "appToggleNav": [Function anonymous],
      "clearSearchTerm": [Function anonymous],
      "invalidateAuthUser": [Function anonymous],
      "loadAuthToken": [Function anonymous],
      "loadPersistedAuthToken": [Function anonymous],
      "loadPersistedUser": [Function anonymous],
      "loginClearError": [Function anonymous],
      "loginClearMessage": [Function anonymous],
      "loginInitiateRequest": [Function anonymous],
      "loginRequestFailure": [Function anonymous],
      "loginRequestSuccess": [Function anonymous],
      "loginSetMessage": [Function anonymous],
      "logoutUser": [Function anonymous],
      "performLogin": [Function anonymous],
      "setAuthUser": [Function anonymous],
      "setPersistentUser": [Function anonymous],
      "setSearchTerm": [Function anonymous]
    }
  }
  errors={Array []}
  isLoading={false}
  message={null}
  store={
    Object {
      "clearActions": [Function clearActions],
      "dispatch": [Function anonymous],
      "getActions": [Function getActions],
      "getState": [Function getState],
      "replaceReducer": [Function replaceReducer],
      "subscribe": [Function subscribe]
    }
  }
  user={null} />
`;
