exports[`<Signup /> should render with default props 1`] = `
<ConnectedForm
  actions={
    Object {
      "appSetMobile": [Function anonymous],
      "appToggleNav": [Function anonymous],
      "clearSearchTerm": [Function anonymous],
      "clearSignupError": [Function anonymous],
      "handleSignup": [Function anonymous],
      "invalidateAuthUser": [Function anonymous],
      "loadAuthToken": [Function anonymous],
      "loadPersistedAuthToken": [Function anonymous],
      "loadPersistedUser": [Function anonymous],
      "logoutUser": [Function anonymous],
      "setAuthUser": [Function anonymous],
      "setPersistentUser": [Function anonymous],
      "setSearchTerm": [Function anonymous],
      "signupClearMessage": [Function anonymous],
      "signupRequestFailure": [Function anonymous],
      "signupRequestInitiation": [Function anonymous],
      "signupRequestSuccess": [Function anonymous],
      "signupSetMessage": [Function anonymous]
    }
  }
  errorMessage={null}
  isLoading={false}
  message={null}
  store={
    Object {
      "clearActions": [Function clearActions],
      "dispatch": [Function anonymous],
      "getActions": [Function getActions],
      "getState": [Function getState],
      "replaceReducer": [Function replaceReducer],
      "subscribe": [Function subscribe]
    }
  }
  user={null} />
`;
