exports[`<Navbar /> should render with default props 1`] = `
<div>
  <Header
    align="center"
    colorIndex="light-1"
    direction="row"
    justify="between"
    pad={
      Object {
        "between": "small",
        "horizontal": "none",
        "vertical": "none"
      }
    }
    responsive={false}>
    <Title
      responsive={true}>
      <Anchor
        href="/"
        tag="a">
        <undefined />
      </Anchor>
    </Title>
    <Menu
      align="center"
      closeOnClick={true}
      direction="row"
      dropAlign={
        Object {
          "left": "left",
          "top": "top"
        }
      }
      pad="none"
      responsive={true}>
      <Anchor
        href="/careers"
        tag="a">
        Careers
      </Anchor>
      <Anchor
        href="/mentorship"
        tag="a">
        Mentorship
      </Anchor>
      <Anchor
        href="/meetups"
        tag="a">
        Meetups
      </Anchor>
      <Search
        align="left"
        dropAlign={
          Object {
            "left": "left"
          }
        }
        iconAlign="end"
        inline={false}
        onDOMChange={[Function onSearch]}
        placeHolder="Start typing..."
        responsive={true} />
    </Menu>
    <undefined
      user={undefined} />
  </Header>
</div>
`;
