exports[`<DashboardTable /> should render with default props 1`] = `
<Box
  announce={false}
  color="light-2"
  direction="column"
  focusable={true}
  pad="large"
  responsive={true}
  style={
    Object {
      "border": "1px solid black",
      "minHeight": 300,
      "minWidth": 600
    }
  }
  tag="div">
  <Table>
    <thead>
      <tr>
        <th>
          Title
        </th>
        <th>
          Status
        </th>
        <th>
          Author
        </th>
        <th>
          Actions
        </th>
      </tr>
    </thead>
    <tbody>
      <TableRow>
        <td>
          <Anchor
            href="/articles/0"
            tag="a">
            Hello World
          </Anchor>
        </td>
        <td>
          <Anchor
            href="/admin/cms?edit=true?articleId=0"
            tag="a">
            Published
          </Anchor>
        </td>
        <td>
          <Anchor
            href="/admin/cms/0"
            tag="a">
            Ryan Collins
          </Anchor>
        </td>
        <td>
          <Menu
            closeOnClick={true}
            direction="row"
            dropAlign={
              Object {
                "left": "left",
                "top": "top"
              }
            }
            inline={true}
            pad="none">
            <Button
              href="/admin/cms?action=edit&articleId=0"
              icon={
                <function Icon() {
                    (0, _classCallCheck3.default)(this, Icon);
                    return (0, _possibleConstructorReturn3.default)(this, (Icon.__proto__ || (0, _getPrototypeOf2.default)(Icon)).apply(this, arguments));
                  }
                  a11yTitleId="edit-title"
                  responsive={true} />
              }
              plain={true}
              style={
                Object {
                  "padding": 5
                }
              }
              type="button" />
            <Button
              href="/admin/cms?action=delete&articleId=0"
              icon={
                <function Icon() {
                    (0, _classCallCheck3.default)(this, Icon);
                    return (0, _possibleConstructorReturn3.default)(this, (Icon.__proto__ || (0, _getPrototypeOf2.default)(Icon)).apply(this, arguments));
                  }
                  a11yTitleId="trash-title"
                  responsive={true} />
              }
              plain={true}
              style={
                Object {
                  "padding": 5
                }
              }
              type="button" />
          </Menu>
        </td>
      </TableRow>
    </tbody>
  </Table>
</Box>
`;
