exports[`<NotFound /> should render with default props 1`] = `
<div>
  <Box
    announce={false}
    direction="column"
    focusable={true}
    pad="large"
    responsive={true}
    tag="div"
    textAlign="center">
    <Box
      align="center"
      announce={false}
      direction="column"
      focusable={true}
      pad="none"
      responsive={true}
      tag="div">
      <Heading
        tag="h3">
        Hello curious adventurer! : )
      </Heading>
      <Paragraph
        textAlign="center">
        You\'ve wandered into uncharted territory. 404-Land.
        <br />
        If that is right were you belong, then get ready to map!
      </Paragraph>
    </Box>
    <Box
      align="center"
      announce={false}
      direction="column"
      focusable={true}
      pad="none"
      responsive={true}
      tag="div">
      <Heading
        alignContent="center"
        className="problem"
        tag="h1">
        And now for something slightly different...
      </Heading>
      <Paragraph
        className="solution">
        Learn about Business Analysis, because, you know... money.
      </Paragraph>
      <Anchor
        className="solution-link"
        href="https://www.udacity.com/course/predictive-analytics-for-business--nd008"
        tag="a">
        Predictive Analytics for Business Nanodegree
      </Anchor>
    </Box>
  </Box>
</div>
`;
